
##### features
feature@org.eclipse.emf.henshin.runtime=SVN,,http://dev.eclipse.org/svnroot/modeling/org.eclipse.emft.henshin/features,,org.eclipse.emf.henshin.runtime
feature@org.eclipse.emf.henshin.sdk=SVN,,http://dev.eclipse.org/svnroot/modeling/org.eclipse.emft.henshin/features,,org.eclipse.emf.henshin.sdk

##### plugins
plugin@org.eclipse.emf.henshin.model=SVN,,http://dev.eclipse.org/svnroot/modeling/org.eclipse.emft.henshin/plugins,,org.eclipse.emf.henshin.model
plugin@org.eclipse.emf.henshin.edit=SVN,,http://dev.eclipse.org/svnroot/modeling/org.eclipse.emft.henshin/plugins,,org.eclipse.emf.henshin.edit
plugin@org.eclipse.emf.henshin.editor=SVN,,http://dev.eclipse.org/svnroot/modeling/org.eclipse.emft.henshin/plugins,,org.eclipse.emf.henshin.editor
plugin@org.eclipse.emf.henshin.diagram=SVN,,http://dev.eclipse.org/svnroot/modeling/org.eclipse.emft.henshin/plugins,,org.eclipse.emf.henshin.diagram
plugin@org.eclipse.emf.henshin.common=SVN,,http://dev.eclipse.org/svnroot/modeling/org.eclipse.emft.henshin/plugins,,org.eclipse.emf.henshin.common
plugin@org.eclipse.emf.henshin.interpreter=SVN,,http://dev.eclipse.org/svnroot/modeling/org.eclipse.emft.henshin/plugins,,org.eclipse.emf.henshin.interpreter
plugin@org.eclipse.emf.henshin.statespace=SVN,,http://dev.eclipse.org/svnroot/modeling/org.eclipse.emft.henshin/plugins,,org.eclipse.emf.henshin.statespace
plugin@org.eclipse.emf.henshin.statespace.explorer=SVN,,http://dev.eclipse.org/svnroot/modeling/org.eclipse.emft.henshin/plugins,,org.eclipse.emf.henshin.statespace.explorer
plugin@org.eclipse.emf.henshin.examples=SVN,,http://dev.eclipse.org/svnroot/modeling/org.eclipse.emft.henshin/plugins,,org.eclipse.emf.henshin.examples